###############################################################################
#
# IAR ELF Linker V7.50.2.10312/W32 for ARM                04/Nov/2016  12:51:01
# Copyright 2007-2015 IAR Systems AB.
#
#    Output file  =  
#        D:\001_Works\001_Working\20161018_UART_PROGRAM\FW_RX\projects\iar\Debug\Exe\HART_Test_RX.out
#    Map file     =  
#        D:\001_Works\001_Working\20161018_UART_PROGRAM\FW_RX\projects\iar\Debug\List\HART_Test_RX.map
#    Command line =  
#        D:\001_Works\001_Working\20161018_UART_PROGRAM\FW_RX\projects\iar\Debug\Obj\ClkLib.o
#        D:\001_Works\001_Working\20161018_UART_PROGRAM\FW_RX\projects\iar\Debug\Obj\DioLib.o
#        D:\001_Works\001_Working\20161018_UART_PROGRAM\FW_RX\projects\iar\Debug\Obj\GptLib.o
#        D:\001_Works\001_Working\20161018_UART_PROGRAM\FW_RX\projects\iar\Debug\Obj\IntLib.o
#        D:\001_Works\001_Working\20161018_UART_PROGRAM\FW_RX\projects\iar\Debug\Obj\main.o
#        D:\001_Works\001_Working\20161018_UART_PROGRAM\FW_RX\projects\iar\Debug\Obj\startup_ADuCM360.o
#        D:\001_Works\001_Working\20161018_UART_PROGRAM\FW_RX\projects\iar\Debug\Obj\UrtLib.o
#        D:\001_Works\001_Working\20161018_UART_PROGRAM\FW_RX\projects\iar\Debug\Obj\WdtLib.o
#        --redirect _Printf=_PrintfFull --redirect _Scanf=_ScanfFull -o
#        D:\001_Works\001_Working\20161018_UART_PROGRAM\FW_RX\projects\iar\Debug\Exe\HART_Test_RX.out
#        --map
#        D:\001_Works\001_Working\20161018_UART_PROGRAM\FW_RX\projects\iar\Debug\List\HART_Test_RX.map
#        --config "C:\Program Files (x86)\IAR Systems\Embedded Workbench
#        7.3\arm\config\linker\AnalogDevices\ADuCM360.icf" --semihosting
#        --entry __iar_program_start --vfe
#
###############################################################################

*******************************************************************************
*** RUNTIME MODEL ATTRIBUTES
***

CppFlavor       = *
__SystemLibrary = DLib


*******************************************************************************
*** PLACEMENT SUMMARY
***

"A1":  place at 0x00000000 { ro section .intvec };
"P1":  place in [from 0x00000000 to 0x0001ffff] { ro };
"P2":  place in [from 0x20000000 to 0x20001fff] { rw, block CSTACK, block HEAP };

  Section          Kind        Address   Size  Object
  -------          ----        -------   ----  ------
"A1":                                    0xe0
  .intvec          ro code  0x00000000   0xe0  startup_ADuCM360.o [1]
                          - 0x000000e0   0xe0

"P1":                                   0x454
  .text            ro code  0x000000e0  0x1e8  main.o [1]
  .text            ro code  0x000002c8   0x20  WdtLib.o [1]
  .text            ro code  0x000002e8   0x60  ClkLib.o [1]
  .text            ro code  0x00000348   0x18  DioLib.o [1]
  .text            ro code  0x00000360   0xd0  UrtLib.o [1]
  .text            ro code  0x00000430   0x36  strlen.o [4]
  .text            ro code  0x00000466   0x40  zero_init3.o [4]
  .text            ro code  0x000004a8   0x28  data_init.o [4]
  .iar.init_table  const    0x000004d0   0x10  - Linker created -
  .text            ro code  0x000004e0   0x1a  cmain.o [4]
  .text            ro code  0x000004fa    0x4  low_level_init.o [3]
  .text            ro code  0x000004fe    0x4  exit.o [3]
  .text            ro code  0x00000504    0xa  cexit.o [4]
  .text            ro code  0x00000510   0x14  exit.o [5]
  .text            ro code  0x00000524    0xc  cstartup_M.o [4]
  .text            ro code  0x00000530    0x4  startup_ADuCM360.o [1]
  .rodata          const    0x00000534    0x0  zero_init3.o [4]
                          - 0x00000534  0x454

"P2", part 1 of 2:                       0x18
  .bss             zero     0x20000000   0x14  main.o [1]
  .bss             zero     0x20000014    0x1  main.o [1]
  .bss             zero     0x20000015    0x1  main.o [1]
  .bss             zero     0x20000016    0x1  main.o [1]
  .bss             zero     0x20000017    0x1  main.o [1]
                          - 0x20000018   0x18

"P2", part 2 of 2:                      0x400
  CSTACK                    0x20000018  0x400  <Block>
    CSTACK         uninit   0x20000018  0x400  <Block tail>
                          - 0x20000418  0x400


*******************************************************************************
*** INIT TABLE
***

          Address     Size
          -------     ----
Zero (__iar_zero_init3)
    1 destination range, total size 0x18:
          0x20000000  0x18



*******************************************************************************
*** MODULE SUMMARY
***

    Module              ro code  ro data  rw data
    ------              -------  -------  -------
D:\001_Works\001_Working\20161018_UART_PROGRAM\FW_RX\projects\iar\Debug\Obj: [1]
    ClkLib.o                 96
    DioLib.o                 24
    UrtLib.o                208
    WdtLib.o                 32
    main.o                  488                24
    startup_ADuCM360.o      228
    ---------------------------------------------
    Total:                1 076                24

command line: [2]
    ---------------------------------------------
    Total:

dl7M_tlf.a: [3]
    exit.o                    4
    low_level_init.o          4
    ---------------------------------------------
    Total:                    8

rt7M_tl.a: [4]
    cexit.o                  10
    cmain.o                  26
    cstartup_M.o             12
    data_init.o              40
    strlen.o                 54
    zero_init3.o             64
    ---------------------------------------------
    Total:                  206

shb_l.a: [5]
    exit.o                   20
    ---------------------------------------------
    Total:                   20

    Gaps                      6
    Linker created                    16    1 024
-------------------------------------------------
    Grand Total:          1 316       16    1 048


*******************************************************************************
*** ENTRY LIST
***

Entry                      Address  Size  Type      Object
-----                      -------  ----  ----      ------
.iar.init_table$$Base   0x000004d0         --   Gb  - Linker created -
.iar.init_table$$Limit  0x000004e0         --   Gb  - Linker created -
?main                   0x000004e1        Code  Gb  cmain.o [4]
CSTACK$$Base            0x20000018         --   Gb  - Linker created -
CSTACK$$Limit           0x20000418         --   Gb  - Linker created -
Chip_Initialize         0x000001a9  0x20  Code  Gb  main.o [1]
ClkCfg                  0x000002e9  0x20  Code  Gb  ClkLib.o [1]
ClkDis                  0x00000335   0x8  Code  Gb  ClkLib.o [1]
ClkSel                  0x00000309  0x2c  Code  Gb  ClkLib.o [1]
ClockInit               0x00000109  0x22  Code  Gb  main.o [1]
DioCfg                  0x00000349   0x6  Code  Gb  DioLib.o [1]
DioOen                  0x0000034f   0x6  Code  Gb  DioLib.o [1]
DioPul                  0x00000355   0x6  Code  Gb  DioLib.o [1]
DioSet                  0x0000035b   0x6  Code  Gb  DioLib.o [1]
GPIOInit                0x0000012b  0x4e  Code  Gb  main.o [1]
NVIC_EnableIRQ          0x000000e1  0x14  Code  Lc  main.o [1]
ReadMsg                 0x0000020b  0x28  Code  Gb  main.o [1]
Region$$Table$$Base     0x000004d0         --   Gb  - Linker created -
Region$$Table$$Limit    0x000004e0         --   Gb  - Linker created -
SendChar                0x000001c9  0x1c  Code  Gb  main.o [1]
SendMsg                 0x000001e5  0x26  Code  Gb  main.o [1]
UARTInit                0x00000179  0x30  Code  Gb  main.o [1]
UART_Int_Handler        0x0000025f  0x3c  Code  Gb  main.o [1]
UrtCfg                  0x00000361  0x9a  Code  Gb  UrtLib.o [1]
UrtIntCfg               0x00000427   0x6  Code  Gb  UrtLib.o [1]
UrtIntSta               0x0000042d   0x4  Code  Gb  UrtLib.o [1]
UrtMod                  0x0000041d   0xa  Code  Gb  UrtLib.o [1]
UrtRx                   0x00000419   0x4  Code  Gb  UrtLib.o [1]
UrtTx                   0x00000409  0x10  Code  Gb  UrtLib.o [1]
WatchDogInit            0x000000f5  0x14  Code  Gb  main.o [1]
WdtCfg                  0x000002c9  0x1c  Code  Gb  WdtLib.o [1]
__cmain                 0x000004e1        Code  Gb  cmain.o [4]
__exit                  0x00000511  0x14  Code  Gb  exit.o [5]
__iar_data_init3        0x000004a9  0x28  Code  Gb  data_init.o [4]
__iar_program_start     0x00000525        Code  Gb  cstartup_M.o [4]
__iar_zero_init3        0x00000467  0x40  Code  Gb  zero_init3.o [4]
__low_level_init        0x000004fb   0x4  Code  Gb  low_level_init.o [3]
__vector_table          0x00000000        Data  Gb  startup_ADuCM360.o [1]
_call_main              0x000004ed        Code  Gb  cmain.o [4]
_exit                   0x00000505        Code  Gb  cexit.o [4]
_main                   0x000004f7        Code  Gb  cmain.o [4]
exit                    0x000004ff   0x4  Code  Gb  exit.o [3]
main                    0x00000233  0x2c  Code  Gb  main.o [1]
strlen                  0x00000431        Code  Gb  strlen.o [4]
ucCOMIID0               0x20000016   0x1  Data  Gb  main.o [1]
ucComRx                 0x20000017   0x1  Data  Gb  main.o [1]
ucRxBufferFull          0x20000015   0x1  Data  Gb  main.o [1]
ucTxBufferEmpty         0x20000014   0x1  Data  Gb  main.o [1]


[1] = D:\001_Works\001_Working\20161018_UART_PROGRAM\FW_RX\projects\iar\Debug\Obj
[2] = command line
[3] = dl7M_tlf.a
[4] = rt7M_tl.a
[5] = shb_l.a

  1 316 bytes of readonly  code memory
     16 bytes of readonly  data memory
  1 048 bytes of readwrite data memory

Errors: none
Warnings: none
