###############################################################################
#
# IAR ELF Linker V7.50.2.10312/W32 for ARM                19/Oct/2016  19:35:32
# Copyright 2007-2015 IAR Systems AB.
#
#    Output file  =  
#        D:\001_Works\001_Working\20161018_UART_PROGRAM\FW\projects\iar\Debug\Exe\uart_program.out
#    Map file     =  
#        D:\001_Works\001_Working\20161018_UART_PROGRAM\FW\projects\iar\Debug\List\uart_program.map
#    Command line =  
#        D:\001_Works\001_Working\20161018_UART_PROGRAM\FW\projects\iar\Debug\Obj\ClkLib.o
#        D:\001_Works\001_Working\20161018_UART_PROGRAM\FW\projects\iar\Debug\Obj\DioLib.o
#        D:\001_Works\001_Working\20161018_UART_PROGRAM\FW\projects\iar\Debug\Obj\IntLib.o
#        D:\001_Works\001_Working\20161018_UART_PROGRAM\FW\projects\iar\Debug\Obj\main.o
#        D:\001_Works\001_Working\20161018_UART_PROGRAM\FW\projects\iar\Debug\Obj\startup_ADuCM360.o
#        D:\001_Works\001_Working\20161018_UART_PROGRAM\FW\projects\iar\Debug\Obj\UrtLib.o
#        D:\001_Works\001_Working\20161018_UART_PROGRAM\FW\projects\iar\Debug\Obj\WdtLib.o
#        --redirect _Printf=_PrintfFull --redirect _Scanf=_ScanfFull -o
#        D:\001_Works\001_Working\20161018_UART_PROGRAM\FW\projects\iar\Debug\Exe\uart_program.out
#        --map
#        D:\001_Works\001_Working\20161018_UART_PROGRAM\FW\projects\iar\Debug\List\uart_program.map
#        --config "C:\Program Files (x86)\IAR Systems\Embedded Workbench
#        7.3\arm\config\linker\AnalogDevices\ADuCM360.icf" --semihosting
#        --entry __iar_program_start --vfe
#
###############################################################################

*******************************************************************************
*** RUNTIME MODEL ATTRIBUTES
***

CppFlavor       = *
__SystemLibrary = DLib


*******************************************************************************
*** PLACEMENT SUMMARY
***

"A1":  place at 0x00000000 { ro section .intvec };
"P1":  place in [from 0x00000000 to 0x0001ffff] { ro };
"P2":  place in [from 0x20000000 to 0x20001fff] { rw, block CSTACK, block HEAP };

  Section          Kind        Address   Size  Object
  -------          ----        -------   ----  ------
"A1":                                    0xe0
  .intvec          ro code  0x00000000   0xe0  startup_ADuCM360.o [1]
                          - 0x000000e0   0xe0

"P1":                                   0x4e8
  .text            ro code  0x000000e0  0x208  main.o [1]
  .text            ro code  0x000002e8   0x20  WdtLib.o [1]
  .text            ro code  0x00000308   0x60  ClkLib.o [1]
  .text            ro code  0x00000368   0x12  DioLib.o [1]
  .text            ro code  0x0000037c   0xd0  UrtLib.o [1]
  .text            ro code  0x0000044c   0x36  strlen.o [4]
  .text            ro code  0x00000484    0x6  ABImemclr.o [4]
  .text            ro code  0x0000048c   0x5e  ABImemset.o [4]
  .text            ro code  0x000004ea   0x40  zero_init3.o [4]
  .text            ro code  0x0000052c   0x28  data_init.o [4]
  .iar.init_table  const    0x00000554   0x10  - Linker created -
  .text            ro code  0x00000564   0x1a  cmain.o [4]
  .text            ro code  0x0000057e    0x4  low_level_init.o [3]
  .text            ro code  0x00000582    0x4  exit.o [3]
  .text            ro code  0x00000588    0xa  cexit.o [4]
  .text            ro code  0x00000594   0x14  exit.o [5]
  .rodata          const    0x000005a8   0x10  main.o [1]
  .text            ro code  0x000005b8    0xc  cstartup_M.o [4]
  .text            ro code  0x000005c4    0x4  startup_ADuCM360.o [1]
  .rodata          const    0x000005c8    0x0  zero_init3.o [4]
                          - 0x000005c8  0x4e8

"P2", part 1 of 2:                        0x4
  .bss             zero     0x20000000    0x1  main.o [1]
  .bss             zero     0x20000001    0x1  main.o [1]
  .bss             zero     0x20000002    0x1  main.o [1]
  .bss             zero     0x20000003    0x1  main.o [1]
                          - 0x20000004    0x4

"P2", part 2 of 2:                      0x400
  CSTACK                    0x20000008  0x400  <Block>
    CSTACK         uninit   0x20000008  0x400  <Block tail>
                          - 0x20000408  0x400


*******************************************************************************
*** INIT TABLE
***

          Address     Size
          -------     ----
Zero (__iar_zero_init3)
    1 destination range, total size 0x4:
          0x20000000   0x4



*******************************************************************************
*** MODULE SUMMARY
***

    Module              ro code  ro data  rw data
    ------              -------  -------  -------
D:\001_Works\001_Working\20161018_UART_PROGRAM\FW\projects\iar\Debug\Obj: [1]
    ClkLib.o                 96
    DioLib.o                 18
    UrtLib.o                208
    WdtLib.o                 32
    main.o                  520       16        4
    startup_ADuCM360.o      228
    ---------------------------------------------
    Total:                1 102       16        4

command line: [2]
    ---------------------------------------------
    Total:

dl7M_tlf.a: [3]
    exit.o                    4
    low_level_init.o          4
    ---------------------------------------------
    Total:                    8

rt7M_tl.a: [4]
    ABImemclr.o               6
    ABImemset.o              94
    cexit.o                  10
    cmain.o                  26
    cstartup_M.o             12
    data_init.o              40
    strlen.o                 54
    zero_init3.o             64
    ---------------------------------------------
    Total:                  306

shb_l.a: [5]
    exit.o                   20
    ---------------------------------------------
    Total:                   20

    Gaps                     12
    Linker created                    16    1 024
-------------------------------------------------
    Grand Total:          1 448       32    1 028


*******************************************************************************
*** ENTRY LIST
***

Entry                      Address  Size  Type      Object
-----                      -------  ----  ----      ------
.iar.init_table$$Base   0x00000554         --   Gb  - Linker created -
.iar.init_table$$Limit  0x00000564         --   Gb  - Linker created -
?main                   0x00000565        Code  Gb  cmain.o [4]
CSTACK$$Base            0x20000008         --   Gb  - Linker created -
CSTACK$$Limit           0x20000408         --   Gb  - Linker created -
Chip_Initialize         0x000001a9  0x1a  Code  Gb  main.o [1]
ClkCfg                  0x00000309  0x20  Code  Gb  ClkLib.o [1]
ClkDis                  0x00000355   0x8  Code  Gb  ClkLib.o [1]
ClkSel                  0x00000329  0x2c  Code  Gb  ClkLib.o [1]
ClockInit               0x00000109  0x22  Code  Gb  main.o [1]
DioCfg                  0x00000369   0x6  Code  Gb  DioLib.o [1]
DioOen                  0x0000036f   0x6  Code  Gb  DioLib.o [1]
DioPul                  0x00000375   0x6  Code  Gb  DioLib.o [1]
GPIOInit                0x0000012b  0x4e  Code  Gb  main.o [1]
NVIC_EnableIRQ          0x000000e1  0x14  Code  Lc  main.o [1]
ReadMsg                 0x00000205  0x46  Code  Gb  main.o [1]
Region$$Table$$Base     0x00000554         --   Gb  - Linker created -
Region$$Table$$Limit    0x00000564         --   Gb  - Linker created -
SendChar                0x000001c3  0x1c  Code  Gb  main.o [1]
SendMsg                 0x000001df  0x26  Code  Gb  main.o [1]
UARTInit                0x00000179  0x30  Code  Gb  main.o [1]
UART_Int_Handler        0x0000027b  0x3c  Code  Gb  main.o [1]
UrtCfg                  0x0000037d  0x9a  Code  Gb  UrtLib.o [1]
UrtIntCfg               0x00000443   0x6  Code  Gb  UrtLib.o [1]
UrtIntSta               0x00000449   0x4  Code  Gb  UrtLib.o [1]
UrtMod                  0x00000439   0xa  Code  Gb  UrtLib.o [1]
UrtRx                   0x00000435   0x4  Code  Gb  UrtLib.o [1]
UrtTx                   0x00000425  0x10  Code  Gb  UrtLib.o [1]
WatchDogInit            0x000000f5  0x14  Code  Gb  main.o [1]
WdtCfg                  0x000002e9  0x1c  Code  Gb  WdtLib.o [1]
__aeabi_memclr          0x00000485        Code  Gb  ABImemclr.o [4]
__cmain                 0x00000565        Code  Gb  cmain.o [4]
__exit                  0x00000595  0x14  Code  Gb  exit.o [5]
__iar_Memset_word       0x0000048d        Code  Gb  ABImemset.o [4]
__iar_data_init3        0x0000052d  0x28  Code  Gb  data_init.o [4]
__iar_program_start     0x000005b9        Code  Gb  cstartup_M.o [4]
__iar_zero_init3        0x000004eb  0x40  Code  Gb  zero_init3.o [4]
__low_level_init        0x0000057f   0x4  Code  Gb  low_level_init.o [3]
__vector_table          0x00000000        Data  Gb  startup_ADuCM360.o [1]
_call_main              0x00000571        Code  Gb  cmain.o [4]
_exit                   0x00000589        Code  Gb  cexit.o [4]
_main                   0x0000057b        Code  Gb  cmain.o [4]
exit                    0x00000583   0x4  Code  Gb  exit.o [3]
main                    0x0000024b  0x30  Code  Gb  main.o [1]
strlen                  0x0000044d        Code  Gb  strlen.o [4]
ucCOMIID0               0x20000002   0x1  Data  Gb  main.o [1]
ucComRx                 0x20000003   0x1  Data  Gb  main.o [1]
ucRxBufferFull          0x20000001   0x1  Data  Gb  main.o [1]
ucTxBufferEmpty         0x20000000   0x1  Data  Gb  main.o [1]


[1] = D:\001_Works\001_Working\20161018_UART_PROGRAM\FW\projects\iar\Debug\Obj
[2] = command line
[3] = dl7M_tlf.a
[4] = rt7M_tl.a
[5] = shb_l.a

  1 448 bytes of readonly  code memory
     32 bytes of readonly  data memory
  1 028 bytes of readwrite data memory

Errors: none
Warnings: none
