###############################################################################
#
# IAR ELF Linker V7.50.2.10312/W32 for ARM                19/Oct/2016  14:31:24
# Copyright 2007-2015 IAR Systems AB.
#
#    Output file  =  
#        D:\001_Works\001_Working\20161018_UART_PROGRAM\FW\projects\iar\Debug\Exe\uart_program.out
#    Map file     =  
#        D:\001_Works\001_Working\20161018_UART_PROGRAM\FW\projects\iar\Debug\List\uart_program.map
#    Command line =  
#        D:\001_Works\001_Working\20161018_UART_PROGRAM\FW\projects\iar\Debug\Obj\ClkLib.o
#        D:\001_Works\001_Working\20161018_UART_PROGRAM\FW\projects\iar\Debug\Obj\DioLib.o
#        D:\001_Works\001_Working\20161018_UART_PROGRAM\FW\projects\iar\Debug\Obj\IntLib.o
#        D:\001_Works\001_Working\20161018_UART_PROGRAM\FW\projects\iar\Debug\Obj\main.o
#        D:\001_Works\001_Working\20161018_UART_PROGRAM\FW\projects\iar\Debug\Obj\startup_ADuCM360.o
#        D:\001_Works\001_Working\20161018_UART_PROGRAM\FW\projects\iar\Debug\Obj\UrtLib.o
#        D:\001_Works\001_Working\20161018_UART_PROGRAM\FW\projects\iar\Debug\Obj\WdtLib.o
#        -o
#        D:\001_Works\001_Working\20161018_UART_PROGRAM\FW\projects\iar\Debug\Exe\uart_program.out
#        --map
#        D:\001_Works\001_Working\20161018_UART_PROGRAM\FW\projects\iar\Debug\List\uart_program.map
#        --config "C:\Program Files (x86)\IAR Systems\Embedded Workbench
#        7.3\arm\config\linker\AnalogDevices\ADuCM360.icf" --semihosting
#        --entry __iar_program_start --vfe
#
###############################################################################

*******************************************************************************
*** RUNTIME MODEL ATTRIBUTES
***

CppFlavor       = *
__SystemLibrary = DLib


*******************************************************************************
*** PLACEMENT SUMMARY
***

"A1":  place at 0x00000000 { ro section .intvec };
"P1":  place in [from 0x00000000 to 0x0001ffff] { ro };
"P2":  place in [from 0x20000000 to 0x20001fff] { rw, block CSTACK, block HEAP };

  Section          Kind        Address   Size  Object
  -------          ----        -------   ----  ------
"A1":                                    0xe0
  .intvec          ro code  0x00000000   0xe0  startup_ADuCM360.o [1]
                          - 0x000000e0   0xe0

"P1":                                   0x660
  .text            ro code  0x000000e0  0x248  main.o [1]
  .text            ro code  0x00000328   0x20  WdtLib.o [1]
  .text            ro code  0x00000348   0x60  ClkLib.o [1]
  .text            ro code  0x000003a8   0x12  DioLib.o [1]
  .text            ro code  0x000003ba    0xa  xsprout.o [3]
  .text            ro code  0x000003c4   0xd0  UrtLib.o [1]
  .text            ro code  0x00000494   0x36  strlen.o [4]
  .text            ro code  0x000004cc   0x34  sprintf.o [3]
  .text            ro code  0x00000500  0x14c  xprintftiny.o [3]
  .text            ro code  0x0000064c   0x40  zero_init3.o [4]
  .text            ro code  0x0000068c   0x28  data_init.o [4]
  .iar.init_table  const    0x000006b4   0x10  - Linker created -
  .text            ro code  0x000006c4   0x1a  cmain.o [4]
  .text            ro code  0x000006de    0x4  low_level_init.o [3]
  .text            ro code  0x000006e2    0x4  exit.o [3]
  .text            ro code  0x000006e8    0xa  cexit.o [4]
  .text            ro code  0x000006f4   0x14  exit.o [5]
  .rodata          const    0x00000708   0x10  main.o [1]
  .text            ro code  0x00000718    0xc  cstartup_M.o [4]
  .rodata          const    0x00000724    0x8  main.o [1]
  .rodata          const    0x0000072c    0x8  main.o [1]
  .rodata          const    0x00000734    0x8  main.o [1]
  .text            ro code  0x0000073c    0x4  startup_ADuCM360.o [1]
  .rodata          const    0x00000740    0x0  zero_init3.o [4]
                          - 0x00000740  0x660

"P2", part 1 of 2:                       0x44
  .bss             zero     0x20000000   0x40  main.o [1]
  .bss             zero     0x20000040    0x1  main.o [1]
  .bss             zero     0x20000041    0x1  main.o [1]
  .bss             zero     0x20000042    0x1  main.o [1]
  .bss             zero     0x20000043    0x1  main.o [1]
                          - 0x20000044   0x44

"P2", part 2 of 2:                      0x400
  CSTACK                    0x20000048  0x400  <Block>
    CSTACK         uninit   0x20000048  0x400  <Block tail>
                          - 0x20000448  0x400


*******************************************************************************
*** INIT TABLE
***

          Address     Size
          -------     ----
Zero (__iar_zero_init3)
    1 destination range, total size 0x44:
          0x20000000  0x44



*******************************************************************************
*** MODULE SUMMARY
***

    Module              ro code  ro data  rw data
    ------              -------  -------  -------
D:\001_Works\001_Working\20161018_UART_PROGRAM\FW\projects\iar\Debug\Obj: [1]
    ClkLib.o                 96
    DioLib.o                 18
    UrtLib.o                208
    WdtLib.o                 32
    main.o                  584       40       68
    startup_ADuCM360.o      228
    ---------------------------------------------
    Total:                1 166       40       68

command line: [2]
    ---------------------------------------------
    Total:

dl7M_tln.a: [3]
    exit.o                    4
    low_level_init.o          4
    sprintf.o                52
    xprintftiny.o           332
    xsprout.o                10
    ---------------------------------------------
    Total:                  402

rt7M_tl.a: [4]
    cexit.o                  10
    cmain.o                  26
    cstartup_M.o             12
    data_init.o              40
    strlen.o                 54
    zero_init3.o             64
    ---------------------------------------------
    Total:                  206

shb_l.a: [5]
    exit.o                   20
    ---------------------------------------------
    Total:                   20

    Gaps                      6
    Linker created                    16    1 024
-------------------------------------------------
    Grand Total:          1 800       56    1 092


*******************************************************************************
*** ENTRY LIST
***

Entry                      Address   Size  Type      Object
-----                      -------   ----  ----      ------
.iar.init_table$$Base   0x000006b4          --   Gb  - Linker created -
.iar.init_table$$Limit  0x000006c4          --   Gb  - Linker created -
?main                   0x000006c5         Code  Gb  cmain.o [4]
CSTACK$$Base            0x20000048          --   Gb  - Linker created -
CSTACK$$Limit           0x20000448          --   Gb  - Linker created -
Chip_Initialize         0x000001b3   0x1a  Code  Gb  main.o [1]
ClkCfg                  0x00000349   0x20  Code  Gb  ClkLib.o [1]
ClkDis                  0x00000395    0x8  Code  Gb  ClkLib.o [1]
ClkSel                  0x00000369   0x2c  Code  Gb  ClkLib.o [1]
ClockInit               0x00000109   0x22  Code  Gb  main.o [1]
DioCfg                  0x000003a9    0x6  Code  Gb  DioLib.o [1]
DioOen                  0x000003af    0x6  Code  Gb  DioLib.o [1]
DioPul                  0x000003b5    0x6  Code  Gb  DioLib.o [1]
GPIOInit                0x0000012b   0x4e  Code  Gb  main.o [1]
NVIC_EnableIRQ          0x000000e1   0x14  Code  Lc  main.o [1]
ReadMsg                 0x00000203   0x36  Code  Gb  main.o [1]
Region$$Table$$Base     0x000006b4          --   Gb  - Linker created -
Region$$Table$$Limit    0x000006c4          --   Gb  - Linker created -
SendMsg                 0x000001cd   0x36  Code  Gb  main.o [1]
UARTInit                0x00000179   0x30  Code  Gb  main.o [1]
UART_Int_Handler        0x0000028f   0x50  Code  Gb  main.o [1]
UrtCfg                  0x000003c5   0x9a  Code  Gb  UrtLib.o [1]
UrtIntCfg               0x0000048b    0x6  Code  Gb  UrtLib.o [1]
UrtIntSta               0x00000491    0x4  Code  Gb  UrtLib.o [1]
UrtMod                  0x00000481    0xa  Code  Gb  UrtLib.o [1]
UrtRx                   0x0000047d    0x4  Code  Gb  UrtLib.o [1]
UrtTx                   0x0000046d   0x10  Code  Gb  UrtLib.o [1]
WatchDogInit            0x000000f5   0x14  Code  Gb  main.o [1]
WdtCfg                  0x00000329   0x1c  Code  Gb  WdtLib.o [1]
_PrintfTiny             0x00000519  0x134  Code  Gb  xprintftiny.o [3]
_SProut                 0x000003bb    0xa  Code  Gb  xsprout.o [3]
__cmain                 0x000006c5         Code  Gb  cmain.o [4]
__exit                  0x000006f5   0x14  Code  Gb  exit.o [5]
__iar_data_init3        0x0000068d   0x28  Code  Gb  data_init.o [4]
__iar_program_start     0x00000719         Code  Gb  cstartup_M.o [4]
__iar_zero_init3        0x0000064d   0x40  Code  Gb  zero_init3.o [4]
__low_level_init        0x000006df    0x4  Code  Gb  low_level_init.o [3]
__vector_table          0x00000000         Data  Gb  startup_ADuCM360.o [1]
_call_main              0x000006d1         Code  Gb  cmain.o [4]
_exit                   0x000006e9         Code  Gb  cexit.o [4]
_main                   0x000006db         Code  Gb  cmain.o [4]
delay                   0x000001a9    0xa  Code  Gb  main.o [1]
exit                    0x000006e3    0x4  Code  Gb  exit.o [3]
main                    0x00000239   0x56  Code  Gb  main.o [1]
out                     0x00000501   0x18  Code  Lc  xprintftiny.o [3]
sprintf                 0x000004cd   0x34  Code  Gb  sprintf.o [3]
strlen                  0x00000495         Code  Gb  strlen.o [4]
szTemp                  0x20000000   0x40  Data  Gb  main.o [1]
ucCOMIID0               0x20000043    0x1  Data  Gb  main.o [1]
ucRxBufferFull          0x20000041    0x1  Data  Gb  main.o [1]
ucTxBufferEmpty         0x20000040    0x1  Data  Gb  main.o [1]
ucUartError             0x20000042    0x1  Data  Gb  main.o [1]


[1] = D:\001_Works\001_Working\20161018_UART_PROGRAM\FW\projects\iar\Debug\Obj
[2] = command line
[3] = dl7M_tln.a
[4] = rt7M_tl.a
[5] = shb_l.a

  1 800 bytes of readonly  code memory
     56 bytes of readonly  data memory
  1 092 bytes of readwrite data memory

Errors: none
Warnings: none
